// Jest Snapshot v1, https://goo.gl/fbAQLP

exports[`ember-in-repo-addons-engines-task can read task as JSON 1`] = `
Array [
  Object {
    "locations": Array [
      Object {
        "physicalLocation": Object {
          "artifactLocation": Object {
            "uri": "admin",
          },
        },
      },
      Object {
        "physicalLocation": Object {
          "artifactLocation": Object {
            "uri": "shopping-cart",
          },
        },
      },
    ],
    "message": Object {
      "text": "in-repo addons",
    },
    "occurrenceCount": 2,
    "properties": Object {
      "category": "metrics",
      "group": "ember",
      "taskDisplayName": "Ember In-Repo Addons / Engines",
    },
    "ruleId": "ember-in-repo-addons-engines",
  },
  Object {
    "locations": Array [
      Object {
        "physicalLocation": Object {
          "artifactLocation": Object {
            "uri": "foo-engine",
          },
        },
      },
      Object {
        "physicalLocation": Object {
          "artifactLocation": Object {
            "uri": "shmoo-engine",
          },
        },
      },
    ],
    "message": Object {
      "text": "in-repo engines",
    },
    "occurrenceCount": 2,
    "properties": Object {
      "category": "metrics",
      "group": "ember",
      "taskDisplayName": "Ember In-Repo Addons / Engines",
    },
    "ruleId": "ember-in-repo-addons-engines",
  },
]
`;
