// Jest Snapshot v1, https://goo.gl/fbAQLP

exports[`ember-test-types-task only renders todos/only test types if they a value > 0 1`] = `
"Ember Test Types

Type           test    only    todo    
unit           0       0       0       
rendering      1       1       1       
application    0       0       0       

Test Type Breakdown

■■■■■■■■■■■■■■■■■■■■■■■■■■■■■■■■■■■■■■■■■■■■■■■■■■ 3 tests
■ unit (0)  ■ rendering (3)  ■ application (0)  

"
`;

exports[`ember-test-types-task returns all the test types (including nested) found in the app and outputs to the console 1`] = `
"Ember Test Types

Type           test    skip    
unit           2       4 (67%) 
rendering      2       4 (67%) 
application    4       8 (67%) 

Test Type Breakdown

■■■■■■■■■■■■■■■■■■■■■■■■■■■■■■■■■■■■■■■■■■■■■■■■■■■ 24 tests
■ unit (6)  ■ rendering (6)  ■ application (12)  

"
`;

exports[`ember-test-types-task returns all the test types found in the app and outputs to json 1`] = `
Object {
  "info": Object {
    "friendlyTaskName": "Ember Test Types",
    "taskClassification": Object {
      "category": "testing",
      "group": "ember",
    },
    "taskName": "ember-test-types",
  },
  "result": Object {
    "types": Array [
      Object {
        "only": 0,
        "skip": 2,
        "test": 1,
        "todo": 0,
        "total": 3,
        "type": "unit",
      },
      Object {
        "only": 0,
        "skip": 2,
        "test": 1,
        "todo": 0,
        "total": 3,
        "type": "rendering",
      },
      Object {
        "only": 0,
        "skip": 4,
        "test": 2,
        "todo": 0,
        "total": 6,
        "type": "application",
      },
    ],
  },
}
`;

exports[`ember-test-types-task returns all the test types found in the app and outputs to the console 1`] = `
"Ember Test Types

Type           test    skip    
unit           1       2 (67%) 
rendering      1       2 (67%) 
application    2       4 (67%) 

Test Type Breakdown

■■■■■■■■■■■■■■■■■■■■■■■■■■■■■■■■■■■■■■■■■■■■■■■■■■■ 12 tests
■ unit (3)  ■ rendering (3)  ■ application (6)  

"
`;
