// Jest Snapshot v1, https://goo.gl/fbAQLP

exports[`dependencies-task detects Ember dependencies 1`] = `
"=== Ember Dependencies ===

Dependency Types                 Total 
Ember Core Libraries             3     
Ember Addon Dependencies         1     
Ember Addon Dev Dependencies     0     
Ember CLI Addon Dependencies     2     
Ember CLI Addon Dev Dependencies 1     

"
`;

exports[`dependencies-task detects Ember dependencies as JSON 1`] = `
Object {
  "meta": Object {
    "friendlyTaskName": "Ember Dependencies",
    "taskClassification": Object {
      "category": "insights",
      "priority": "high",
    },
    "taskName": "ember-dependencies",
  },
  "result": Array [
    Object {
      "data": Object {
        "ember-cli": "^3.15.0",
        "ember-data": "Not found",
        "ember-source": "^3.15.0",
      },
      "displayName": "Ember Core Libraries",
      "total": 3,
      "type": "ember core libraries",
    },
    Object {
      "data": Object {
        "ember-source": "^3.15.0",
      },
      "displayName": "Ember Addon Dependencies",
      "total": 1,
      "type": "ember addon dependencies",
    },
    Object {
      "data": Object {},
      "displayName": "Ember Addon Dev Dependencies",
      "total": 0,
      "type": "ember addon devDependencies",
    },
    Object {
      "data": Object {
        "ember-cli": "^3.15.0",
        "ember-cli-blueprint-test-helpers": "latest",
      },
      "displayName": "Ember CLI Addon Dependencies",
      "total": 2,
      "type": "ember-cli addon dependencies",
    },
    Object {
      "data": Object {
        "ember-cli-string-utils": "latest",
      },
      "displayName": "Ember CLI Addon Dev Dependencies",
      "total": 1,
      "type": "ember-cli addon devDependencies",
    },
  ],
}
`;

exports[`dependencies-task detects Ember dependencies for html, and doesnt create a table without dependencies 1`] = `
Array [
  TableData {
    "componentType": "table",
    "formattedResult": Array [
      Object {
        "result": Object {
          "name": "ember core libraries",
          "value": 3,
        },
        "rowClass": "bg-gray-100",
      },
      Object {
        "result": Object {
          "name": "ember addon dependencies",
          "value": 1,
        },
        "rowClass": "bg-gray-100",
      },
      Object {
        "result": Object {
          "name": "ember addon devDependencies",
          "value": 0,
        },
        "rowClass": "bg-gray-100",
      },
      Object {
        "result": Object {
          "name": "ember-cli addon dependencies",
          "value": 2,
        },
        "rowClass": "bg-gray-100",
      },
      Object {
        "result": Object {
          "name": "ember-cli addon devDependencies",
          "value": 1,
        },
        "rowClass": "bg-gray-100",
      },
    ],
    "meta": Object {
      "friendlyTaskName": "Ember Dependencies",
      "taskClassification": Object {
        "category": "insights",
        "priority": "high",
      },
      "taskName": "ember-dependencies",
    },
    "tableHeaders": Array [
      "name",
      "value",
    ],
  },
]
`;
