// Vitest Snapshot v1

exports[`actions generator > generates correct files with JavaScript 1`] = `
"const { ActionsEvaluator } = require('@checkup/core');

module.exports = function evaluateActions(taskResult, taskConfig) {
  let actionsEvaluator = new ActionsEvaluator();

  return actionsEvaluator.evaluate(taskConfig);
}"
`;

exports[`actions generator > generates correct files with JavaScript 2`] = `
"import { evaluateActions as evaluateMyFooActions } from '../actions/my-foo-actions';
export default {
  actions: {
    'foo': evaluateMyFooActions
  }
};
"
`;

exports[`actions generator > generates correct files with TypeScript 1`] = `
"import { TaskConfig, ActionsEvaluator } from '@checkup/core';
import { Result } from 'sarif';

export function evaluateActions(taskResults: Result[], taskConfig: TaskConfig) {
  let actionsEvaluator = new ActionsEvaluator();

  return actionsEvaluator.evaluate(taskConfig);
}
"
`;

exports[`actions generator > generates correct files with TypeScript 2`] = `
"import { evaluateActions as evaluateMyFooActions } from '../actions/my-foo-actions';
export default {
  actions: {
    'foo': evaluateMyFooActions
  }
};
"
`;

exports[`actions generator > generates correct files with TypeScript in custom path 1`] = `
"import { TaskConfig, ActionsEvaluator } from '@checkup/core';
import { Result } from 'sarif';

export function evaluateActions(taskResults: Result[], taskConfig: TaskConfig) {
  let actionsEvaluator = new ActionsEvaluator();

  return actionsEvaluator.evaluate(taskConfig);
}
"
`;

exports[`actions generator > generates correct files with TypeScript in custom path 2`] = `
"import { evaluateActions as evaluateMyFooActions } from '../actions/my-foo-actions';
export default {
  actions: {
    'foo': evaluateMyFooActions
  }
};
"
`;

exports[`actions generator > generates multiple correct files with TypeScript 1`] = `
"import { TaskConfig, ActionsEvaluator } from '@checkup/core';
import { Result } from 'sarif';

export function evaluateActions(taskResults: Result[], taskConfig: TaskConfig) {
  let actionsEvaluator = new ActionsEvaluator();

  return actionsEvaluator.evaluate(taskConfig);
}
"
`;

exports[`actions generator > generates multiple correct files with TypeScript 2`] = `
"import { TaskConfig, ActionsEvaluator } from '@checkup/core';
import { Result } from 'sarif';

export function evaluateActions(taskResults: Result[], taskConfig: TaskConfig) {
  let actionsEvaluator = new ActionsEvaluator();

  return actionsEvaluator.evaluate(taskConfig);
}
"
`;

exports[`actions generator > generates multiple correct files with TypeScript 3`] = `
"import { evaluateActions as evaluateMyBarActions } from '../actions/my-bar-actions';
import { evaluateActions as evaluateMyFooActions } from '../actions/my-foo-actions';
export default {
  actions: {
    'foo': evaluateMyFooActions,
    'bar': evaluateMyBarActions
  }
};
"
`;
