// Jest Snapshot v1, https://goo.gl/fbAQLP

exports[`octane-migration-status-task-result console output simple console output 1`] = `
"=== Octane Migration Status

Handlebars Octane Violations: 0
JavaScript Octane Violations: 17

Migration Task     Completion Percentage 
Native Class       9.09%                 
Tagless Component  83.33%                
Glimmer Component  66.67%                
Tracked Properties 83.33%                

"
`;
