// Jest Snapshot v1, https://goo.gl/fbAQLP

exports[`project-info-task for Projects can read project info and output to console 1`] = `
"=== Project Information

name:    checkup-app
version: 0.0.0

=== Repository Information
Active days:   0 days
Age:           0 days
Total commits: 0
Total files:   0

"
`;

exports[`project-info-task for Projects can read project info as JSON 1`] = `
Object {
  "project-info": Object {
    "name": "checkup-app",
    "repository": Object {
      "activeDays": "0 days",
      "age": "0 days",
      "totalCommits": 0,
      "totalFiles": 0,
    },
    "version": "0.0.0",
  },
}
`;
