// Jest Snapshot v1, https://goo.gl/fbAQLP

exports[`eslint-summary-task it summarizes eslint and outputs to JSON 1`] = `
Object {
  "errorCount": 1,
  "fixableErrorCount": 1,
  "fixableWarningCount": 1,
  "results": Array [
    Object {
      "errorCount": 1,
      "filePath": "",
      "fixableErrorCount": 1,
      "fixableWarningCount": 1,
      "messages": Array [
        Object {
          "column": 9,
          "endColumn": 32,
          "endLine": 2,
          "fix": Object {
            "range": Array [
              25,
              28,
            ],
            "text": "let",
          },
          "line": 2,
          "message": "Unexpected var, use let or const instead.",
          "nodeType": "VariableDeclaration",
          "ruleId": "no-var",
          "severity": 1,
        },
        Object {
          "column": 32,
          "endColumn": 1,
          "endLine": 3,
          "fix": Object {
            "range": Array [
              48,
              48,
            ],
            "text": ";",
          },
          "line": 2,
          "message": "Missing semicolon.",
          "nodeType": "VariableDeclaration",
          "ruleId": "semi",
          "severity": 2,
        },
      ],
      "source": "function foo() {
        var whatever = 'ESLint'
        return {
          name: whatever
        };
      }",
      "warningCount": 1,
    },
    Object {
      "errorCount": 0,
      "filePath": "",
      "fixableErrorCount": 0,
      "fixableWarningCount": 0,
      "messages": Array [],
      "warningCount": 0,
    },
  ],
  "usedDeprecatedRules": Array [],
  "warningCount": 1,
}
`;
