// Jest Snapshot v1, https://goo.gl/fbAQLP

exports[`outdated-dependencies-task detects outdated dependencies as JSON 1`] = `
Array [
  Object {
    "message": Object {
      "text": "major",
    },
    "occurrenceCount": 1,
    "properties": Object {
      "category": "dependencies",
      "data": Array [
        Object {
          "homepage": "https://reactjs.org/",
          "installed": "16.0.0",
          "latest": "17.0.2",
          "packageJsonVersion": "16.0.0",
          "packageName": "react",
          "semverBump": "major",
          "wanted": "16.0.0",
        },
      ],
      "group": undefined,
      "taskDisplayName": "Outdated Dependencies",
    },
    "ruleId": "outdated-dependencies",
  },
  Object {
    "message": Object {
      "text": "minor",
    },
    "occurrenceCount": 1,
    "properties": Object {
      "category": "dependencies",
      "data": Array [
        Object {
          "homepage": "https://ember-cli.com/",
          "installed": "3.20.0",
          "latest": "3.26.1",
          "packageJsonVersion": "3.20.0",
          "packageName": "ember-cli",
          "semverBump": "minor",
          "wanted": "3.20.0",
        },
      ],
      "group": undefined,
      "taskDisplayName": "Outdated Dependencies",
    },
    "ruleId": "outdated-dependencies",
  },
]
`;
