// Jest Snapshot v1, https://goo.gl/fbAQLP

exports[`@checkup/cli node API output should output checkup result 1`] = `
Object {
  "$schema": "https://schemastore.azurewebsites.net/schemas/json/sarif-2.1.0-rtm.5.json",
  "properties": Object {
    "actions": Array [],
    "analyzedFiles": FilePathArray [
      ".checkuprc",
      ".eslintrc.js",
      "index.hbs",
      "index.js",
      "package.json",
      "yarn.lock",
    ],
    "analyzedFilesCount": 6,
    "cli": Object {
      "args": Object {
        "paths": Array [],
      },
      "config": Object {
        "$schema": "https://raw.githubusercontent.com/checkupjs/checkup/master/packages/core/src/schemas/config-schema.json",
        "excludePaths": Array [],
        "plugins": Array [],
        "tasks": Object {},
      },
      "configHash": "dd17cda1fc2eb2bc6bb5206b41fc1a84",
      "flags": Object {
        "config": undefined,
        "excludePaths": undefined,
        "format": "stdout",
        "outputFile": "",
        "task": undefined,
      },
      "schema": 1,
      "version": "0.0.0",
    },
    "project": Object {
      "name": "checkup-app",
      "repository": Object {
        "activeDays": "0 days",
        "age": "0 days",
        "linesOfCode": Object {
          "total": 3,
          "types": Array [
            Object {
              "extension": "js",
              "total": 2,
            },
            Object {
              "extension": "hbs",
              "total": 1,
            },
          ],
        },
        "totalCommits": 0,
        "totalFiles": 0,
      },
      "version": "0.0.0",
    },
    "timings": Object {},
  },
  "runs": Any<Array>,
  "version": "2.1.0",
}
`;
