// Jest Snapshot v1, https://goo.gl/fbAQLP

exports[`generateHTML returns correct HTML string 1`] = `
"<html class=\\"text-gray-900 antialiased leading-tight\\">

<head>
  <meta charset=\\"utf-8\\">
  <title>Checkup report</title>
  <meta name=\\"description\\" content=\\"\\">
  <meta name=\\"viewport\\" content=\\"width=device-width, initial-scale=1\\">
  <link href=\\"https://unpkg.com/tailwindcss@^1.0/dist/tailwind.min.css\\" rel=\\"stylesheet\\">
  <link rel=\\"stylesheet\\" href=\\"https://cdn.jsdelivr.net/npm/@tailwindcss/ui@latest/dist/tailwind-ui.min.css\\">
</head>
<body class=\\"min-h-screen bg-gray-100\\">
  <h1>Checkup report</h1>

</body>
</html>
"
`;
