// Jest Snapshot v1, https://goo.gl/fbAQLP

exports[`@checkup/cli run command cli error cases should error if the config is malformed 1`] = `"command run not found"`;
