// Jest Snapshot v1, https://goo.gl/fbAQLP

exports[`dependencies-task detects Ember dependencies 1`] = `
"=== Project Dependencies
=== Dependencies - Core Libraries

Dependency   Version   
ember-source ^3.15.0   
ember-cli    ^3.15.0   
ember-data   Not found 

=== Dependencies - Ember Addons

Dependency   Version 
ember-source ^3.15.0 

=== Dependencies - Ember CLI Addons

Dependency                       Version 
ember-cli                        ^3.15.0 
ember-cli-blueprint-test-helpers latest  

=== Dev Dependencies - Ember CLI Addons

Dependency             Version 
ember-cli-string-utils latest  

"
`;

exports[`dependencies-task detects Ember dependencies as JSON 1`] = `
Object {
  "dependencies": Object {
    "emberAddons": Object {
      "dependencies": Object {
        "ember-source": "^3.15.0",
      },
      "devDependencies": Object {},
    },
    "emberCliAddons": Object {
      "dependencies": Object {
        "ember-cli": "^3.15.0",
        "ember-cli-blueprint-test-helpers": "latest",
      },
      "devDependencies": Object {
        "ember-cli-string-utils": "latest",
      },
    },
    "emberLibraries": Object {
      "ember-cli": "^3.15.0",
      "ember-data": "Not found",
      "ember-source": "^3.15.0",
    },
  },
}
`;
