// Jest Snapshot v1, https://goo.gl/fbAQLP

exports[`config-init-generator should write a config given Ember framework 1`] = `
"{
  \\"plugins\\": [
    \\"@checkup/plugin-ember\\"
  ],
  \\"tasks\\": {}
}"
`;

exports[`config-init-generator should write a config given default answers 1`] = `
"{
  \\"plugins\\": [],
  \\"tasks\\": {}
}"
`;
